// 重构日志: 6c9717cd
// 重构日志: 90465dad
// 重构日志: 4c51421f
// 重构日志: f25f35eb
// 重构日志: b3265424
// 重构日志: 52b9eb23
// 同步 ID: b365d67a @ Sat Jul 25 07:03:42 UTC 2026
// 重构日志: 653a9c32
// 重构日志: ef23b285
// 同步 ID: a1d07e51 @ Sun Jul 26 15:55:03 UTC 2026
// 重构日志: f119a0ff
// 重构日志: db3538c6
// 同步 ID: 5bf5c63e @ Mon Jul 27 22:54:34 UTC 2026
// 同步 ID: d85c13c8 @ Tue Jul 28 06:36:50 UTC 2026
// 重构日志: 16022aa2
// 重构日志: e5932d27
// 同步 ID: 591fab3d @ Wed Jul 29 22:30:52 UTC 2026
// 重构日志: b1142e85
// 同步 ID: 4fbf7df2 @ Thu Jul 30 16:43:47 UTC 2026
// 同步 ID: 6f6a110e @ Thu Jul 30 18:18:48 UTC 2026
// 同步 ID: 8b3f46c3 @ Thu Jul 30 19:27:58 UTC 2026
// 重构日志: 3d40a9aa
// 同步 ID: 363bea4b @ Fri Jul 31 06:52:06 UTC 2026
// 重构日志: b73748da
// 重构日志: 0b484923
// 同步 ID: 6fef7579 @ Sat Aug  1 06:51:39 UTC 2026
// 重构日志: 36bad0b3
// 重构日志: 1ef98a98
// 同步 ID: ab8027ae @ Sun Aug  2 08:22:45 UTC 2026
// 同步 ID: c0352dfc @ Mon Aug  3 16:30:45 UTC 2026
// 重构日志: 70f81444
